// Jest Snapshot v1, https://goo.gl/fbAQLP

exports[`Test CheckoutOptionButton Component matches snapshot 1`] = `
<DocumentFragment>
  <div
    class="grid__item"
  >
    <div
      class="checkout-radio"
    >
      <input
        id="checkout-option-button-xyzzy"
        name="giftcard-option"
        type="radio"
        value="1212"
      />
      <label
        for="checkout-option-button-xyzzy"
      >
        $12.12
      </label>
    </div>
  </div>
</DocumentFragment>
`;
